// Jest Snapshot v1, https://goo.gl/fbAQLP

exports[`About component matches snapshot DOM node structures 1`] = `
<DocumentFragment>
  <section
    class="my-5"
  >
    <h1
      id="about"
    >
      About Me
    </h1>
    <img
      alt="main photo"
      class="my-2"
      src="mainPhoto.jpg"
      style="width: 100%;"
    />
  </section>
</DocumentFragment>
`;
